// Jest Snapshot v1, https://goo.gl/fbAQLP

exports[`render OrderTable 1`] = `
Array [
  <div>
    Search Slot
  </div>,
  <table
    style={
      Object {
        "width": "100%",
      }
    }
  >
    <thead>
      <tr
        className="cellRoot headerCell"
      >
        <th
          className="item"
        >
          Item
        </th>
        <th
          className="customer"
        >
          Customer Name
        </th>
        <th
          className="price"
        >
          Price
        </th>
        <th
          className="destination"
        >
          Destination
        </th>
        <th
          className="status"
        >
          Order Status
        </th>
      </tr>
    </thead>
    <tbody>
      <tr
        className="cellRoot"
      >
        <th
          className="item"
        >
          Fish tacos
        </th>
        <th
          className="customer"
        >
          Karina Lopez
        </th>
        <th
          className="price"
        >
          $87.00
        </th>
        <th
          className="destination"
        >
          89548 Andrew Road Apt. 797, Lake Phillipville, CA 92007
        </th>
        <th
          className="status"
        >
          Driver Received
        </th>
      </tr>
      <tr
        className="cellRoot"
      >
        <th
          className="item"
        >
          Berry smoothie
        </th>
        <th
          className="customer"
        >
          Heather Hughes
        </th>
        <th
          className="price"
        >
          $80.29
        </th>
        <th
          className="destination"
        >
          7465 Willis Fork, Lake Gabrielle, CA 92816
        </th>
        <th
          className="status"
        >
          Created
        </th>
      </tr>
    </tbody>
  </table>,
  <div
    style={
      Object {
        "height": 0,
        "width": 0,
      }
    }
  />,
]
`;
