// Jest Snapshot v1, https://goo.gl/fbAQLP

exports[`render common components 1`] = `
<div
  className="divider"
/>
`;
